
user@DESKTOP-9H8BFK9 MINGW64 ~/Desktop/GIT (master)
$ pwd
/c/Users/user/Desktop/GIT

user@DESKTOP-9H8BFK9 MINGW64 ~/Desktop/GIT (master)
$ git clone https://github.com/venkatachaitanyabhimisetty/chaitanya-text-files.git
Cloning into 'chaitanya-text-files'...
remote: Counting objects: 3, done.
remote: Total 3 (delta 0), reused 0 (delta 0), pack-reused 0
Unpacking objects: 100% (3/3), done.

user@DESKTOP-9H8BFK9 MINGW64 ~/Desktop/GIT (master)
$ ls
 01-Basics.pdf             git-cheat-sheet-education.pdf   Sample_Java.rar
 chaitanya-text-files/     GitMacUpdates.pdf
'GIT BASIC COMMANDS.txt'   Sample_Java/

user@DESKTOP-9H8BFK9 MINGW64 ~/Desktop/GIT (master)
$ git status
warning: could not open directory 'Application Data/': Permission denied
warning: could not open directory 'Cookies/': Permission denied
warning: could not open directory 'Local Settings/': Permission denied
warning: could not open directory 'My Documents/': Permission denied
warning: could not open directory 'NetHood/': Permission denied
warning: could not open directory 'PrintHood/': Permission denied
warning: could not open directory 'Recent/': Permission denied
warning: could not open directory 'SendTo/': Permission denied
warning: could not open directory 'Start Menu/': Permission denied
warning: could not open directory 'Templates/': Permission denied
On branch master

No commits yet

Untracked files:
  (use "git add <file>..." to include in what will be committed)

        ../../.AndroidStudio3.0/
        ../../.AndroidStudio3.1/
        ../../.VirtualBox/
        ../../.android/
        ../../.bash_history
        ../../.config/
        ../../.dbshell
        ../../.eclipse/
        ../../.embedmongo/
        ../../.emulator_console_auth_token
        ../../.gitconfig
        ../../.gradle/
        ../../.idlerc/
        ../../.m2/
        ../../.mongorc.js
        ../../.nbi/
        ../../.oracle_jre_usage/
        ../../.p2/
        ../../.spring_roo_pgp.bpg
        ../../.viminfo
        ../../.vscode/
        ../../3D Objects/
        ../../AndroidStudioProjects/
        ../../AppData/
        ../../AprilWorkSpace/
        ../../Contacts/
        ../../Creative Cloud Files/
        ../
        ../../Documents/
        ../../Downloads/
        ../../Favorites/
        ../../Links/
        ../../MicrosoftEdgeBackups/
        ../../Music/
        ../../NTUSER.DAT
        ../../NTUSER.DAT{5330b350-fd12-11e7-98ae-00e04c804a53}.TM.blf
        ../../NTUSER.DAT{5330b350-fd12-11e7-98ae-00e04c804a53}.TMContainer00000000000000000001.regtrans-ms
        ../../NTUSER.DAT{5330b350-fd12-11e7-98ae-00e04c804a53}.TMContainer00000000000000000002.regtrans-ms
        ../../OneDrive/
        ../../Oracle/
        ../../Pictures/
        ../../README.md
        ../../Saved Games/
        ../../Searches/
        ../../Tracing/
        ../../Videos/
        ../../apktool/
        ../../chaitu/
        ../../git/
        ../../gitprojects/
        ../../my-app/
        ../../node_modules/
        ../../ntuser.dat.LOG1
        ../../ntuser.dat.LOG2
        ../../ntuser.ini
        ../../package-lock.json
        ../../roo-test/
        ../../samplelogin/
        ../../workspace/
        ../../workspace143/

nothing added to commit but untracked files present (use "git add" to track)

user@DESKTOP-9H8BFK9 MINGW64 ~/Desktop/GIT (master)
$ ls
 01-Basics.pdf          'GIT BASIC COMMANDS.txt'         GitMacUpdates.pdf
 chaitanya-text-files/   git-cheat-sheet-education.pdf

user@DESKTOP-9H8BFK9 MINGW64 ~/Desktop/GIT (master)
$ cd chaitanya-text-files

user@DESKTOP-9H8BFK9 MINGW64 ~/Desktop/GIT/chaitanya-text-files (master)
$ pwd
/c/Users/user/Desktop/GIT/chaitanya-text-files

user@DESKTOP-9H8BFK9 MINGW64 ~/Desktop/GIT/chaitanya-text-files (master)
$ ls
'GIT BASIC COMMANDS.txt'   README.md

user@DESKTOP-9H8BFK9 MINGW64 ~/Desktop/GIT/chaitanya-text-files (master)
$ git add git basic commands.txt
fatal: pathspec 'git' did not match any files

user@DESKTOP-9H8BFK9 MINGW64 ~/Desktop/GIT/chaitanya-text-files (master)
$ ^C

user@DESKTOP-9H8BFK9 MINGW64 ~/Desktop/GIT/chaitanya-text-files (master)
$ git add 'GIT BASIC COMMANDS.txt'
warning: CRLF will be replaced by LF in GIT BASIC COMMANDS.txt.
The file will have its original line endings in your working directory.

user@DESKTOP-9H8BFK9 MINGW64 ~/Desktop/GIT/chaitanya-text-files (master)
$ ls
'GIT BASIC COMMANDS.txt'   README.md

user@DESKTOP-9H8BFK9 MINGW64 ~/Desktop/GIT/chaitanya-text-files (master)
$ ls
'GIT BASIC COMMANDS.txt'   git.txt   README.md

user@DESKTOP-9H8BFK9 MINGW64 ~/Desktop/GIT/chaitanya-text-files (master)
$ git add git.txt
warning: CRLF will be replaced by LF in git.txt.
The file will have its original line endings in your working directory.

user@DESKTOP-9H8BFK9 MINGW64 ~/Desktop/GIT/chaitanya-text-files (master)
$ git status
On branch master
Your branch is up to date with 'origin/master'.

Changes to be committed:
  (use "git reset HEAD <file>..." to unstage)

        new file:   GIT BASIC COMMANDS.txt
        new file:   git.txt


user@DESKTOP-9H8BFK9 MINGW64 ~/Desktop/GIT/chaitanya-text-files (master)
$ git commit -m "adding 3 git files"
[master 1a9336e] adding 3 git files
 2 files changed, 774 insertions(+)
 create mode 100644 GIT BASIC COMMANDS.txt
 create mode 100644 git.txt

user@DESKTOP-9H8BFK9 MINGW64 ~/Desktop/GIT/chaitanya-text-files (master)
$ git status
On branch master
Your branch is ahead of 'origin/master' by 1 commit.
  (use "git push" to publish your local commits)

nothing to commit, working tree clean

user@DESKTOP-9H8BFK9 MINGW64 ~/Desktop/GIT/chaitanya-text-files (master)
$ git push origin master
Counting objects: 3, done.
Delta compression using up to 4 threads.
Compressing objects: 100% (3/3), done.
Writing objects: 100% (3/3), 2.36 KiB | 2.36 MiB/s, done.
Total 3 (delta 0), reused 0 (delta 0)
To https://github.com/venkatachaitanyabhimisetty/chaitanya-text-files.git
   d41b152..1a9336e  master -> master

user@DESKTOP-9H8BFK9 MINGW64 ~/Desktop/GIT/chaitanya-text-files (master)
$
