
user@DESKTOP-9H8BFK9 MINGW64 ~ (master)
$ pwd
/c/Users/user

user@DESKTOP-9H8BFK9 MINGW64 ~ (master)
$ mkdir gitprojects

user@DESKTOP-9H8BFK9 MINGW64 ~ (master)
$ cd gitprojects

user@DESKTOP-9H8BFK9 MINGW64 ~/gitprojects (master)
$ pwd
/c/Users/user/gitprojects

user@DESKTOP-9H8BFK9 MINGW64 ~/gitprojects (master)
$ git version
git version 2.17.1.windows.2

user@DESKTOP-9H8BFK9 MINGW64 ~/gitprojects (master)
$ git config --global user.name "venkatachaitanyabhimisetty"

user@DESKTOP-9H8BFK9 MINGW64 ~/gitprojects (master)
$ git config --global user.email "chaitanya.bv42007@gmail.com"

user@DESKTOP-9H8BFK9 MINGW64 ~/gitprojects (master)
$ git config --global --list
user.name=venkatachaitanyabhimisetty
user.email=chaitanya.bv42007@gmail.com

user@DESKTOP-9H8BFK9 MINGW64 ~/gitprojects (master)
$ git clone https://github.com/venkatachaitanyabhimisetty/github-demo.git
Cloning into 'github-demo'...
remote: Counting objects: 3, done.
remote: Compressing objects: 100% (2/2), done.
remote: Total 3 (delta 0), reused 0 (delta 0), pack-reused 0
Unpacking objects: 100% (3/3), done.

user@DESKTOP-9H8BFK9 MINGW64 ~/gitprojects (master)
$ ls
github-demo/

user@DESKTOP-9H8BFK9 MINGW64 ~/gitprojects (master)
$ cd github-demo

user@DESKTOP-9H8BFK9 MINGW64 ~/gitprojects/github-demo (master)
$ ls
README.md

user@DESKTOP-9H8BFK9 MINGW64 ~/gitprojects/github-demo (master)
$ git status
On branch master
Your branch is up to date with 'origin/master'.

nothing to commit, working tree clean

user@DESKTOP-9H8BFK9 MINGW64 ~/gitprojects/github-demo (master)
$ echo "Test Git Quick Start Demo" >> start.txt

user@DESKTOP-9H8BFK9 MINGW64 ~/gitprojects/github-demo (master)
$ ls
README.md  start.txt

user@DESKTOP-9H8BFK9 MINGW64 ~/gitprojects/github-demo (master)
$ cat start.txt
Test Git Quick Start Demo

user@DESKTOP-9H8BFK9 MINGW64 ~/gitprojects/github-demo (master)
$ git status
On branch master
Your branch is up to date with 'origin/master'.

Untracked files:
  (use "git add <file>..." to include in what will be committed)

        start.txt

nothing added to commit but untracked files present (use "git add" to track)

user@DESKTOP-9H8BFK9 MINGW64 ~/gitprojects/github-demo (master)
$ git add start.txt

user@DESKTOP-9H8BFK9 MINGW64 ~/gitprojects/github-demo (master)
$ git status
On branch master
Your branch is up to date with 'origin/master'.

Changes to be committed:
  (use "git reset HEAD <file>..." to unstage)

        new file:   start.txt


user@DESKTOP-9H8BFK9 MINGW64 ~/gitprojects/github-demo (master)
$ git commit -m "Addding statt text file"
[master 6bd0dd1] Addding statt text file
 1 file changed, 1 insertion(+)
 create mode 100644 start.txt

user@DESKTOP-9H8BFK9 MINGW64 ~/gitprojects/github-demo (master)
$ git status
On branch master
Your branch is ahead of 'origin/master' by 1 commit.
  (use "git push" to publish your local commits)

nothing to commit, working tree clean

user@DESKTOP-9H8BFK9 MINGW64 ~/gitprojects/github-demo (master)
$ git push origin master
Logon failed, use ctrl+c to cancel basic credential prompt.
Username for 'https://github.com': chaitanya.bv42007@gmail.com
Chaitanyac7
remote: Invalid username or password.
fatal: Authentication failed for 'https://github.com/venkatachaitanyabhimisetty/github-demo.git/'

user@DESKTOP-9H8BFK9 MINGW64 ~/gitprojects/github-demo (master)
$ Chaitanyac7
bash: Chaitanyac7: command not found

user@DESKTOP-9H8BFK9 MINGW64 ~/gitprojects/github-demo (master)
$ git push origin master
Logon failed, use ctrl+c to cancel basic credential prompt.
Username for 'https://github.com': chaitanya.bv42007@gmail.com
Counting objects: 3, done.
Delta compression using up to 4 threads.
Compressing objects: 100% (2/2), done.
Writing objects: 100% (3/3), 323 bytes | 323.00 KiB/s, done.
Total 3 (delta 0), reused 0 (delta 0)
To https://github.com/venkatachaitanyabhimisetty/github-demo.git
   520ed85..6bd0dd1  master -> master









user@DESKTOP-9H8BFK9 MINGW64 /
$ cd users
bash: cd: users: No such file or directory

user@DESKTOP-9H8BFK9 MINGW64 /
$ cd c:users/user/gitprojects

user@DESKTOP-9H8BFK9 MINGW64 /c/users/user/gitprojects (master)
$ ls
fresh-project/  github-demo/

user@DESKTOP-9H8BFK9 MINGW64 /c/users/user/gitprojects (master)
$ cd fresh-project

user@DESKTOP-9H8BFK9 MINGW64 /c/users/user/gitprojects/fresh-project (master)
$ cd ..

user@DESKTOP-9H8BFK9 MINGW64 /c/users/user/gitprojects (master)
$ rm -rf fresh-project

user@DESKTOP-9H8BFK9 MINGW64 /c/users/user/gitprojects (master)
$ ls
github-demo/

user@DESKTOP-9H8BFK9 MINGW64 /c/users/user/gitprojects (master)














$ unzip ~/Sample_java
unzip:  cannot find or open /c/Users/user/Sample_java, /c/Users/user/Sample_java.zip or /c/Users/user/Sample_java.ZIP.

user@DESKTOP-9H8BFK9 MINGW64 /c/users/user/gitprojects (master)
$ unzip ~/Sample_java.zip
unzip:  cannot find or open /c/Users/user/Sample_java.zip, /c/Users/user/Sample_java.zip.zip or /c/Users/user/Sample_java.zip.ZIP.

user@DESKTOP-9H8BFK9 MINGW64 /c/users/user/gitprojects (master)
$ unzip ~/Sample_java.rar
unzip:  cannot find or open /c/Users/user/Sample_java.rar, /c/Users/user/Sample_java.rar.zip or /c/Users/user/Sample_java.rar.ZIP.

user@DESKTOP-9H8BFK9 MINGW64 /c/users/user/gitprojects (master)
$ unzip ~/desktop/git/Sample_java.rar
Archive:  /c/Users/user/desktop/git/Sample_java.rar
  End-of-central-directory signature not found.  Either this file is not
  a zipfile, or it constitutes one disk of a multi-part archive.  In the
  latter case the central directory and zipfile comment will be found on
  the last disk(s) of this archive.
unzip:  cannot find zipfile directory in one of /c/Users/user/desktop/git/Sample_java.rar or
        /c/Users/user/desktop/git/Sample_java.rar.zip, and cannot find /c/Users/user/desktop/git/Sample_java.rar.ZIP, period.

user@DESKTOP-9H8BFK9 MINGW64 /c/users/user/gitprojects (master)
$ ls
github-demo/  Sample_Java/

user@DESKTOP-9H8BFK9 MINGW64 /c/users/user/gitprojects (master)
$ mv Sample_java javachaitu

user@DESKTOP-9H8BFK9 MINGW64 /c/users/user/gitprojects (master)
$ ls
github-demo/  javachaitu/

user@DESKTOP-9H8BFK9 MINGW64 /c/users/user/gitprojects (master)
$ cd javachaitu

user@DESKTOP-9H8BFK9 MINGW64 /c/users/user/gitprojects/javachaitu (master)
$ pwd
/c/users/user/gitprojects/javachaitu

user@DESKTOP-9H8BFK9 MINGW64 /c/users/user/gitprojects/javachaitu (master)
$ ls
Sample_Java/

user@DESKTOP-9H8BFK9 MINGW64 /c/users/user/gitprojects/javachaitu (master)
$ cd Sample_java

user@DESKTOP-9H8BFK9 MINGW64 /c/users/user/gitprojects/javachaitu/Sample_java (master)
$ ls
bin/  Hello.java  package.sandyHello.java  src/

user@DESKTOP-9H8BFK9 MINGW64 /c/users/user/gitprojects/javachaitu/Sample_java (master)
$ git init
Initialized empty Git repository in C:/Users/user/gitprojects/javachaitu/Sample_java/.git/

user@DESKTOP-9H8BFK9 MINGW64 /c/users/user/gitprojects/javachaitu/Sample_java (master)
$ ls -al
total 12
drwxr-xr-x 1 user 197121   0 May 30 18:10 ./
drwxr-xr-x 1 user 197121   0 May 30 18:09 ../
-rw-r--r-- 1 user 197121 301 May 11 18:15 .classpath
drwxr-xr-x 1 user 197121   0 May 30 18:10 .git/
-rw-r--r-- 1 user 197121 387 May 11 18:15 .project
drwxr-xr-x 1 user 197121   0 May 30 18:09 .settings/
drwxr-xr-x 1 user 197121   0 May 30 18:09 bin/
-rw-r--r-- 1 user 197121 107 May 26 16:05 Hello.java
-rw-r--r-- 1 user 197121 107 May 26 16:17 package.sandyHello.java
drwxr-xr-x 1 user 197121   0 May 30 18:09 src/

user@DESKTOP-9H8BFK9 MINGW64 /c/users/user/gitprojects/javachaitu/Sample_java (master)
$ git status
On branch master

No commits yet

Untracked files:
  (use "git add <file>..." to include in what will be committed)

        .classpath
        .project
        .settings/
        Hello.java
        bin/
        package.sandyHello.java
        src/

nothing added to commit but untracked files present (use "git add" to track)

user@DESKTOP-9H8BFK9 MINGW64 /c/users/user/gitprojects/javachaitu/Sample_java (master)
$ git add .
warning: CRLF will be replaced by LF in .classpath.
The file will have its original line endings in your working directory.
warning: CRLF will be replaced by LF in .project.
The file will have its original line endings in your working directory.
warning: CRLF will be replaced by LF in .settings/org.eclipse.jdt.core.prefs.
The file will have its original line endings in your working directory.
warning: CRLF will be replaced by LF in src/Sample.java.
The file will have its original line endings in your working directory.
warning: CRLF will be replaced by LF in src/sandy/JavaClassLoader.java.
The file will have its original line endings in your working directory.
warning: CRLF will be replaced by LF in src/sandy/MyClass.java.
The file will have its original line endings in your working directory.
warning: CRLF will be replaced by LF in src/sandy/Sample.java.
The file will have its original line endings in your working directory.

user@DESKTOP-9H8BFK9 MINGW64 /c/users/user/gitprojects/javachaitu/Sample_java (master)
$ git add .

user@DESKTOP-9H8BFK9 MINGW64 /c/users/user/gitprojects/javachaitu/Sample_java (master)
$ git status
On branch master

No commits yet

Changes to be committed:
  (use "git rm --cached <file>..." to unstage)

        new file:   .classpath
        new file:   .project
        new file:   .settings/org.eclipse.jdt.core.prefs
        new file:   Hello.java
        new file:   bin/Sample.class
        new file:   bin/sandy/JavaClassLoader.class
        new file:   bin/sandy/MyClass.class
        new file:   bin/sandy/Sample.class
        new file:   package.sandyHello.java
        new file:   src/Sample.class
        new file:   src/Sample.java
        new file:   src/sandy/JavaClassLoader.java
        new file:   src/sandy/MyClass.java
        new file:   src/sandy/Sample.java


user@DESKTOP-9H8BFK9 MINGW64 /c/users/user/gitprojects/javachaitu/Sample_java (master)
$ git commit -m "My first commit, inline"
[master (root-commit) 5ce3540] My first commit, inline
 14 files changed, 250 insertions(+)
 create mode 100644 .classpath
 create mode 100644 .project
 create mode 100644 .settings/org.eclipse.jdt.core.prefs
 create mode 100644 Hello.java
 create mode 100644 bin/Sample.class
 create mode 100644 bin/sandy/JavaClassLoader.class
 create mode 100644 bin/sandy/MyClass.class
 create mode 100644 bin/sandy/Sample.class
 create mode 100644 package.sandyHello.java
 create mode 100644 src/Sample.class
 create mode 100644 src/Sample.java
 create mode 100644 src/sandy/JavaClassLoader.java
 create mode 100644 src/sandy/MyClass.java
 create mode 100644 src/sandy/Sample.java

user@DESKTOP-9H8BFK9 MINGW64 /c/users/user/gitprojects/javachaitu/Sample_java (master)
$ git status
On branch master
nothing to commit, working tree clean

user@DESKTOP-9H8BFK9 MINGW64 /c/users/user/gitprojects/javachaitu/Sample_java (master)
$ git status
On branch master
nothing to commit, working tree clean

user@DESKTOP-9H8BFK9 MINGW64 /c/users/user/gitprojects/javachaitu/Sample_java (master)
$ ls
bin/  Hello.java  package.sandyHello.java  src/

user@DESKTOP-9H8BFK9 MINGW64 /c/users/user/gitprojects/javachaitu/Sample_java (master)
$ ls -al
total 12
drwxr-xr-x 1 user 197121   0 May 30 18:10 ./
drwxr-xr-x 1 user 197121   0 May 30 18:09 ../
-rw-r--r-- 1 user 197121 301 May 11 18:15 .classpath
drwxr-xr-x 1 user 197121   0 May 30 18:13 .git/
-rw-r--r-- 1 user 197121 387 May 11 18:15 .project
drwxr-xr-x 1 user 197121   0 May 30 18:09 .settings/
drwxr-xr-x 1 user 197121   0 May 30 18:09 bin/
-rw-r--r-- 1 user 197121 107 May 26 16:05 Hello.java
-rw-r--r-- 1 user 197121 107 May 26 16:17 package.sandyHello.java
drwxr-xr-x 1 user 197121   0 May 30 18:09 src/

user@DESKTOP-9H8BFK9 MINGW64 /c/users/user/gitprojects/javachaitu/Sample_java (master)
$ rm -rg .git
rm: unknown option -- g
Try 'rm --help' for more information.

user@DESKTOP-9H8BFK9 MINGW64 /c/users/user/gitprojects/javachaitu/Sample_java (master)
$ rm -rf .git

user@DESKTOP-9H8BFK9 MINGW64 /c/users/user/gitprojects/javachaitu/Sample_java (master)
$ ls
bin/  Hello.java  package.sandyHello.java  src/

user@DESKTOP-9H8BFK9 MINGW64 /c/users/user/gitprojects/javachaitu/Sample_java (master)
$ cd ..

user@DESKTOP-9H8BFK9 MINGW64 /c/users/user/gitprojects/javachaitu (master)
$ ls
Sample_Java/

user@DESKTOP-9H8BFK9 MINGW64 /c/users/user/gitprojects/javachaitu (master)
$ rm -rf Sample_java

user@DESKTOP-9H8BFK9 MINGW64 /c/users/user/gitprojects/javachaitu (master)
$ ls

user@DESKTOP-9H8BFK9 MINGW64 /c/users/user/gitprojects/javachaitu (master)
$ ls -al
total 0
drwxr-xr-x 1 user 197121 0 May 30 18:14 ./
drwxr-xr-x 1 user 197121 0 May 30 18:09 ../
